// Jest Snapshot v1, https://goo.gl/fbAQLP

exports[`UpdateAssistant | v0.3.1 - v0.4 should correctly update 'claimFormat' tag to w3c records 1`] = `
{
  "0e1f070a-e31f-46cf-88db-25c1621b2f4e": {
    "id": "0e1f070a-e31f-46cf-88db-25c1621b2f4e",
    "tags": {
      "claimFormat": "ldp_vc",
      "contexts": [
        "https://www.w3.org/2018/credentials/v1",
        "https://www.w3.org/2018/credentials/examples/v1",
      ],
      "cryptosuites": [],
      "expandedTypes": [
        "https",
        "https",
      ],
      "givenId": undefined,
      "issuerId": "did:key:z6Mkgg342Ycpuk263R9d8Aq6MUaxPn1DDeHyGo38EefXmgDL",
      "proofTypes": [
        "Ed25519Signature2018",
      ],
      "schemaIds": [],
      "subjectIds": [],
      "types": [
        "VerifiableCredential",
        "UniversityDegreeCredential",
      ],
    },
    "type": "W3cCredentialRecord",
    "value": {
      "createdAt": "2024-02-05T06:44:47.543Z",
      "credential": {
        "@context": [
          "https://www.w3.org/2018/credentials/v1",
          "https://www.w3.org/2018/credentials/examples/v1",
        ],
        "credentialSubject": {
          "degree": {
            "name": "Bachelor of Science and Arts",
            "type": "BachelorDegree",
          },
        },
        "issuanceDate": "2017-10-22T12:23:48Z",
        "issuer": "did:key:z6Mkgg342Ycpuk263R9d8Aq6MUaxPn1DDeHyGo38EefXmgDL",
        "proof": {
          "created": "2022-04-18T23:13:10Z",
          "jws": "eyJhbGciOiJFZERTQSIsImI2NCI6ZmFsc2UsImNyaXQiOlsiYjY0Il19..ECQsj_lABelr1jkehSkqaYpc5CBvbSjbi3ZvgiVVKxZFDYfj5xZmeXb_awa4aw_cGEVaoypeN2uCFmeG6WKkBw",
          "proofPurpose": "assertionMethod",
          "type": "Ed25519Signature2018",
          "verificationMethod": "did:key:z6Mkgg342Ycpuk263R9d8Aq6MUaxPn1DDeHyGo38EefXmgDL#z6Mkgg342Ycpuk263R9d8Aq6MUaxPn1DDeHyGo38EefXmgDL",
        },
        "type": [
          "VerifiableCredential",
          "UniversityDegreeCredential",
        ],
      },
      "id": "0e1f070a-e31f-46cf-88db-25c1621b2f4e",
      "metadata": {},
      "updatedAt": "2023-03-18T22:50:20.522Z",
    },
  },
  "STORAGE_VERSION_RECORD_ID": {
    "id": "STORAGE_VERSION_RECORD_ID",
    "tags": {},
    "type": "StorageVersionRecord",
    "value": {
      "createdAt": "2023-03-18T18:35:02.888Z",
      "id": "STORAGE_VERSION_RECORD_ID",
      "metadata": {},
      "storageVersion": "0.4",
      "updatedAt": "2023-03-18T22:50:20.522Z",
    },
  },
  "da65187b-f461-4f39-8597-b0d95531d40d": {
    "id": "da65187b-f461-4f39-8597-b0d95531d40d",
    "tags": {
      "algs": [
        "EdDSA",
      ],
      "claimFormat": "jwt_vc",
      "contexts": [
        "https://www.w3.org/2018/credentials/v1",
      ],
      "givenId": "http://example.edu/credentials/3732",
      "issuerId": "did:key:z6MkokrsVo8DbGDsnMAjnoHhJotMbDZiHfvxM4j65d8prXUr",
      "schemaIds": [],
      "subjectIds": [
        "did:example:ebfeb1f712ebc6f1c276e12ec21",
      ],
      "types": [
        "VerifiableCredential",
      ],
    },
    "type": "W3cCredentialRecord",
    "value": {
      "createdAt": "2024-02-05T06:44:47.600Z",
      "credential": "eyJhbGciOiJFZERTQSJ9.eyJpc3MiOiJkaWQ6a2V5Ono2TWtva3JzVm84RGJHRHNuTUFqbm9IaEpvdE1iRFppSGZ2eE00ajY1ZDhwclhVciIsInN1YiI6ImRpZDpleGFtcGxlOmViZmViMWY3MTJlYmM2ZjFjMjc2ZTEyZWMyMSIsInZjIjp7IkBjb250ZXh0IjpbImh0dHBzOi8vd3d3LnczLm9yZy8yMDE4L2NyZWRlbnRpYWxzL3YxIl0sImlkIjoiaHR0cDovL2V4YW1wbGUuZWR1L2NyZWRlbnRpYWxzLzM3MzIiLCJ0eXBlIjpbIlZlcmlmaWFibGVDcmVkZW50aWFsIl0sImlzc3VlciI6eyJpZCI6ImRpZDprZXk6ejZNa29rcnNWbzhEYkdEc25NQWpub0hoSm90TWJEWmlIZnZ4TTRqNjVkOHByWFVyIn0sImlzc3VhbmNlRGF0ZSI6IjIwMTAtMDEtMDFUMTk6MjM6MjRaIiwiY3JlZGVudGlhbFN1YmplY3QiOnsiaWQiOiJkaWQ6ZXhhbXBsZTplYmZlYjFmNzEyZWJjNmYxYzI3NmUxMmVjMjEifX0sImp0aSI6Imh0dHA6Ly9leGFtcGxlLmVkdS9jcmVkZW50aWFscy8zNzMyIiwibmJmIjoxMjYyMzczODA0fQ.suzrfmzM07yiiibK0vOdP9Q0dARA7XVNRUa9DSbH519EWrUDgzsq6SiIG9yyBt39yaqsZc1-8byyuMrPziyWBg",
      "id": "da65187b-f461-4f39-8597-b0d95531d40d",
      "metadata": {},
      "updatedAt": "2023-03-18T22:50:20.522Z",
    },
  },
}
`;

exports[`UpdateAssistant | v0.3.1 - v0.4 should correctly update the did records and remove cache records 1`] = `
{
  "4993c740-5cd9-4c79-a7d8-23d1266d31be": {
    "id": "4993c740-5cd9-4c79-a7d8-23d1266d31be",
    "tags": {
      "did": "did:indy:bcovrin:test:Pow4pdnPgTS7JAXvWkoF2c",
      "legacyUnqualifiedDid": undefined,
      "method": "indy",
      "methodSpecificIdentifier": "bcovrin:test:Pow4pdnPgTS7JAXvWkoF2c",
      "qualifiedIndyDid": undefined,
      "recipientKeyFingerprints": [],
      "role": "created",
    },
    "type": "DidRecord",
    "value": {
      "createdAt": "2023-03-18T18:35:07.208Z",
      "did": "did:indy:bcovrin:test:Pow4pdnPgTS7JAXvWkoF2c",
      "id": "4993c740-5cd9-4c79-a7d8-23d1266d31be",
      "metadata": {},
      "role": "created",
      "updatedAt": "2023-03-18T22:50:20.522Z",
    },
  },
  "8168612b-73d1-4917-9a61-84e8102988f0": {
    "id": "8168612b-73d1-4917-9a61-84e8102988f0",
    "tags": {
      "did": "did:indy:bcovrin:test:8DFqUo6UtQLLZETE7Gm29k",
      "legacyUnqualifiedDid": undefined,
      "method": "indy",
      "methodSpecificIdentifier": "bcovrin:test:8DFqUo6UtQLLZETE7Gm29k",
      "qualifiedIndyDid": undefined,
      "recipientKeyFingerprints": [],
      "role": "created",
    },
    "type": "DidRecord",
    "value": {
      "createdAt": "2023-03-18T18:35:04.191Z",
      "did": "did:indy:bcovrin:test:8DFqUo6UtQLLZETE7Gm29k",
      "id": "8168612b-73d1-4917-9a61-84e8102988f0",
      "metadata": {},
      "role": "created",
      "updatedAt": "2023-03-18T22:50:20.522Z",
    },
  },
  "STORAGE_VERSION_RECORD_ID": {
    "id": "STORAGE_VERSION_RECORD_ID",
    "tags": {},
    "type": "StorageVersionRecord",
    "value": {
      "createdAt": "2023-03-18T18:35:02.888Z",
      "id": "STORAGE_VERSION_RECORD_ID",
      "metadata": {},
      "storageVersion": "0.4",
      "updatedAt": "2023-03-18T22:50:20.522Z",
    },
  },
}
`;
