// Jest Snapshot v1, https://goo.gl/fbAQLP

exports[`UpdateAssistant | Aries Askar should create a backup 1`] = `
[
  {
    "_tags": {
      "connectionId": "0b6de73d-b376-430f-b2b4-f6e51407bb66",
      "role": "issuer",
      "state": "done",
      "threadId": "578e73da-c3be-43d4-949b-7aadfd5a6eae",
    },
    "autoAcceptCredential": "contentApproved",
    "connectionId": "0b6de73d-b376-430f-b2b4-f6e51407bb66",
    "createdAt": "2022-03-21T22:50:20.522Z",
    "credentialAttributes": [
      {
        "mime-type": "text/plain",
        "name": "name",
        "value": "Alice",
      },
      {
        "mime-type": "text/plain",
        "name": "age",
        "value": "25",
      },
      {
        "mime-type": "text/plain",
        "name": "dateOfBirth",
        "value": "2020-01-01",
      },
    ],
    "credentials": [],
    "id": "574b2a37-1db1-4af1-a3bf-35c6cb9e1d7a",
    "metadata": {
      "_internal/indyCredential": {
        "credentialDefinitionId": "TL1EaPFCZ8Si5aUrqScBDt:3:CL:681:default",
        "schemaId": "TL1EaPFCZ8Si5aUrqScBDt:2:schema-80f7eec5-8e5a-43ca-ad4d-3274fb9361b8:1.0",
      },
    },
    "protocolVersion": "v1",
    "role": "issuer",
    "state": "done",
    "threadId": "578e73da-c3be-43d4-949b-7aadfd5a6eae",
    "updatedAt": "2022-03-22T22:50:20.522Z",
  },
  {
    "_tags": {
      "connectionId": "54b61a2c-59ae-4e63-a441-7f1286350132",
      "credentialId": "a77114e1-c812-4bff-a53c-3d5003fcc278",
      "credentialIds": [
        "a77114e1-c812-4bff-a53c-3d5003fcc278",
      ],
      "role": "holder",
      "state": "done",
      "threadId": "578e73da-c3be-43d4-949b-7aadfd5a6eae",
    },
    "autoAcceptCredential": "contentApproved",
    "connectionId": "54b61a2c-59ae-4e63-a441-7f1286350132",
    "createdAt": "2022-03-21T22:50:20.535Z",
    "credentialAttributes": [
      {
        "mime-type": "text/plain",
        "name": "name",
        "value": "Alice",
      },
      {
        "mime-type": "text/plain",
        "name": "age",
        "value": "25",
      },
      {
        "mime-type": "text/plain",
        "name": "dateOfBirth",
        "value": "2020-01-01",
      },
    ],
    "credentials": [
      {
        "credentialRecordId": "a77114e1-c812-4bff-a53c-3d5003fcc278",
        "credentialRecordType": "indy",
      },
    ],
    "id": "5f2b7bc7-edfd-47e7-a1d4-aae050df2c4a",
    "metadata": {
      "_internal/indyCredential": {
        "credentialDefinitionId": "TL1EaPFCZ8Si5aUrqScBDt:3:CL:681:default",
        "schemaId": "TL1EaPFCZ8Si5aUrqScBDt:2:schema-80f7eec5-8e5a-43ca-ad4d-3274fb9361b8:1.0",
      },
      "_internal/indyRequest": {
        "master_secret_blinding_data": {
          "v_prime": "36456944381549782028917743247126995038265466209293312755125557271456380841610111892515020379470931691048072348420844231863825225515560265358581756565441268878364665494094789024845049226122885121039335781567964878826549149370097276812152226343824116049855825405977949749345353074025294938300401262824951638782220004732873597724698990420932910079362747837952520524827009393981876443737452031919055976088763615615890946142630576421462920865811255312740184209214306243871230276622595183415487741608569800898909023830922654063814555128779494528740438076748829436757078504882332589744263200806138145494157659396691564807976032319024007464003538934",
          "vr_prime": null,
        },
        "master_secret_name": "Wallet: PopulateWallet2",
        "nonce": "373984270150786864433163",
      },
    },
    "protocolVersion": "v1",
    "role": "holder",
    "state": "done",
    "threadId": "578e73da-c3be-43d4-949b-7aadfd5a6eae",
    "updatedAt": "2022-03-22T22:50:20.522Z",
  },
  {
    "_tags": {
      "connectionId": "cd66cbf1-5721-449e-8724-f4d8dcef1bc4",
      "role": "issuer",
      "state": "done",
      "threadId": "e2c2194c-6ac6-4b27-9030-18887c79b5eb",
    },
    "autoAcceptCredential": "contentApproved",
    "connectionId": "cd66cbf1-5721-449e-8724-f4d8dcef1bc4",
    "createdAt": "2022-03-21T22:50:20.740Z",
    "credentialAttributes": [
      {
        "mime-type": "text/plain",
        "name": "name",
        "value": "Alice",
      },
      {
        "mime-type": "text/plain",
        "name": "age",
        "value": "25",
      },
      {
        "mime-type": "text/plain",
        "name": "dateOfBirth",
        "value": "2020-01-01",
      },
    ],
    "credentials": [],
    "id": "ad644d8a-48a2-4c55-b46d-7a7f1a9278c7",
    "metadata": {
      "_internal/indyCredential": {
        "credentialDefinitionId": "TL1EaPFCZ8Si5aUrqScBDt:3:CL:681:default",
        "schemaId": "TL1EaPFCZ8Si5aUrqScBDt:2:schema-80f7eec5-8e5a-43ca-ad4d-3274fb9361b8:1.0",
      },
    },
    "protocolVersion": "v1",
    "role": "issuer",
    "state": "done",
    "threadId": "e2c2194c-6ac6-4b27-9030-18887c79b5eb",
    "updatedAt": "2022-03-22T22:50:20.522Z",
  },
  {
    "_tags": {
      "connectionId": "d8f23338-9e99-469a-bd57-1c9a26c0080f",
      "credentialId": "19c1f29f-d2df-486c-b8c6-950c403fa7d9",
      "credentialIds": [
        "19c1f29f-d2df-486c-b8c6-950c403fa7d9",
      ],
      "role": "holder",
      "state": "done",
      "threadId": "e2c2194c-6ac6-4b27-9030-18887c79b5eb",
    },
    "autoAcceptCredential": "contentApproved",
    "connectionId": "d8f23338-9e99-469a-bd57-1c9a26c0080f",
    "createdAt": "2022-03-21T22:50:20.746Z",
    "credentialAttributes": [
      {
        "mime-type": "text/plain",
        "name": "name",
        "value": "Alice",
      },
      {
        "mime-type": "text/plain",
        "name": "age",
        "value": "25",
      },
      {
        "mime-type": "text/plain",
        "name": "dateOfBirth",
        "value": "2020-01-01",
      },
    ],
    "credentials": [
      {
        "credentialRecordId": "19c1f29f-d2df-486c-b8c6-950c403fa7d9",
        "credentialRecordType": "indy",
      },
    ],
    "id": "c7e0a752-7f1c-41c0-b0ae-a68c2d97ca8c",
    "metadata": {
      "_internal/indyCredential": {
        "credentialDefinitionId": "TL1EaPFCZ8Si5aUrqScBDt:3:CL:681:default",
        "schemaId": "TL1EaPFCZ8Si5aUrqScBDt:2:schema-80f7eec5-8e5a-43ca-ad4d-3274fb9361b8:1.0",
      },
      "_internal/indyRequest": {
        "master_secret_blinding_data": {
          "v_prime": "24405223168730122709164916892481085040205443709643249329100687534344659826655374235392514476392517756663433844139774514430993889493707631169979521764390851593418941181409704266182779162417466204970949168472702858363964258641437554267668466400711344128132909691514606077477555576087059339291048485225394874964325220472232903203038212033940680060605090839733163438385288769519855418153181511119637865605476043416048121313638627002888436809192752657860306784733123742838413845299796745569824223645588826964796075250758249133953560017373025169692866449286962430731916293683231375510684692358406054381559324718715654332979447698704161714028193478",
          "vr_prime": null,
        },
        "master_secret_name": "Wallet: PopulateWallet2",
        "nonce": "698370616023883730498375",
      },
    },
    "protocolVersion": "v1",
    "role": "holder",
    "state": "done",
    "threadId": "e2c2194c-6ac6-4b27-9030-18887c79b5eb",
    "updatedAt": "2022-03-22T22:50:20.522Z",
  },
]
`;
